 MPI initialized with           32  MPI processes
 MPI initialized with            1  threads
 Using initial seed on proc(0): ROOT_SEED=       11148
  
 CPU#            0 , SEED =   -859003114
 CPU#            1 , SEED =   -222183379
 CPU#            2 , SEED =   -282692242
 CPU#            3 , SEED =   1470411422
 CPU#            4 , SEED =  -1853344876
 CPU#            5 , SEED =  -1819371644
 CPU#            6 , SEED =   1889349528
 CPU#            7 , SEED =   1900137859
 CPU#            8 , SEED =   1649844578
 CPU#            9 , SEED =   2029914548
 CPU#           10 , SEED =   1796555224
 CPU#           11 , SEED =  -1831647782
 CPU#           12 , SEED =    116289138
 CPU#           13 , SEED =  -1710191238
 CPU#           14 , SEED =   2131894390
 CPU#           15 , SEED =  -2095655482
 CPU#           16 , SEED =  -1490619708
 CPU#           17 , SEED =    509251544
 CPU#           18 , SEED =  -2027067108
 CPU#           19 , SEED =   -507274681
 CPU#           20 , SEED =    257722129
 CPU#           21 , SEED =  -1145987008
 CPU#           22 , SEED =   1647600518
 CPU#           23 , SEED =   1529428120
 CPU#           24 , SEED =    930961643
 CPU#           25 , SEED =   1084212689
 CPU#           26 , SEED =   -876971640
 CPU#           27 , SEED =   1773291543
 CPU#           28 , SEED =  -1402039933
 CPU#           29 , SEED =  -1577227727
 CPU#           30 , SEED =  -1308103915
 CPU#           31 , SEED =    150702971
  
 
 Specified time step gives diff CFLs=  0.3200000      3.2000002E-02
  3.2000002E-02
 BEGIN time loop istep =           0 dt =  5.000000000000000E-002 time =
  0.000000000000000E+000
 
 At istep =           0 dt =  5.000000000000000E-002 time =
  0.000000000000000E+000
           0  0.000000000000000E+000  n_avg=   1686.07910156250     
   533.701074218750        56.3448242187500     
 Time to advance per timestep:   3.424882888793945E-006  seconds
 
 
 At istep =         200 dt =  5.000000000000000E-002 time =
   10.0000000000000     
         200   10.0000000000000       n_avg=   1603.12109375000     
   560.354394531249        62.2925781250001     
 Time to advance per timestep:   6.816129684448242E-003  seconds
 
 
 At istep =         400 dt =  5.000000000000000E-002 time =
   20.0000000000001     
         400   20.0000000000001       n_avg=   1514.24501953125     
   586.340039062499        68.2216796875001     
 Time to advance per timestep:   6.741759777069092E-003  seconds
 
 
 At istep =         600 dt =  5.000000000000000E-002 time =
   30.0000000000003     
         600   30.0000000000003       n_avg=   1423.61152343750     
   609.215527343748        73.7655273437502     
 Time to advance per timestep:   6.820825338363648E-003  seconds
 
 
 At istep =         800 dt =  5.000000000000000E-002 time =
   39.9999999999999     
         800   39.9999999999999       n_avg=   1334.20292968749     
   627.362597656247        78.4784179687503     
 Time to advance per timestep:   6.926015615463257E-003  seconds
 
 
 At istep =        1000 dt =  5.000000000000000E-002 time =
   49.9999999999993     
        1000   49.9999999999993       n_avg=   1250.81787109374     
   639.939160156246        81.6081054687503     
 Time to advance per timestep:   7.102309465408325E-003  seconds
 
 
 At istep =        1200 dt =  5.000000000000000E-002 time =
   59.9999999999987     
        1200   59.9999999999987       n_avg=   1176.77011718749     
   645.507910156246        83.3218750000004     
 Time to advance per timestep:   7.302474975585937E-003  seconds
 
 
 At istep =        1400 dt =  5.000000000000000E-002 time =
   69.9999999999982     
        1400   69.9999999999982       n_avg=   1114.51640624999     
   644.322558593745        83.0984375000004     
 Time to advance per timestep:   7.396924495697022E-003  seconds
 
 
 At istep =        1600 dt =  5.000000000000000E-002 time =
   79.9999999999976     
        1600   79.9999999999976       n_avg=   1065.34687499999     
   636.642089843745        81.3228515625005     
 Time to advance per timestep:   7.415820360183716E-003  seconds
 
 
 At istep =        1800 dt =  5.000000000000000E-002 time =
   89.9999999999970     
        1800   89.9999999999970       n_avg=   1030.34941406249     
   623.111914062494        78.0738281250005     
 Time to advance per timestep:   7.374495267868042E-003  seconds
 
 
 At istep =        2000 dt =  5.000000000000000E-002 time =
   99.9999999999965     
        2000   99.9999999999965       n_avg=   1008.16005859374     
   605.362597656244        73.8662109375006     
 Time to advance per timestep:   7.307214736938477E-003  seconds
 
 
 At istep =        2200 dt =  5.000000000000000E-002 time =
   109.999999999996     
        2200   109.999999999996       n_avg=   998.351562499991     
   584.628515624993        69.0222656250006     
 Time to advance per timestep:   7.250720262527465E-003  seconds
 
 
 At istep =        2400 dt =  5.000000000000000E-002 time =
   119.999999999995     
        2400   119.999999999995       n_avg=   999.447656249991     
   562.012011718743        63.4902343750007     
 Time to advance per timestep:   7.198579311370849E-003  seconds
 
 
 At istep =        2600 dt =  5.000000000000000E-002 time =
   129.999999999995     
        2600   129.999999999995       n_avg=   1010.52509765624     
   537.387792968742        58.1795898437508     
 Time to advance per timestep:   7.164030075073242E-003  seconds
 
 
 At istep =        2800 dt =  5.000000000000000E-002 time =
   139.999999999998     
        2800   139.999999999998       n_avg=   1029.78681640624     
   512.764941406242        53.1865234375008     
 Time to advance per timestep:   7.146689891815185E-003  seconds
 
 
 At istep =        3000 dt =  5.000000000000000E-002 time =
   150.000000000000     
        3000   150.000000000000       n_avg=   1056.10976562499     
   489.031347656241        48.3049804687509     
 Time to advance per timestep:   7.120854854583740E-003  seconds
 
 
 At istep =        3200 dt =  5.000000000000000E-002 time =
   160.000000000002     
        3200   160.000000000002       n_avg=   1088.25029296874     
   466.112695312491        43.9618164062509     
 Time to advance per timestep:   7.100985050201416E-003  seconds
 
 
 At istep =        3400 dt =  5.000000000000000E-002 time =
   170.000000000004     
        3400   170.000000000004       n_avg=   1125.37080078124     
   444.607519531240        39.8276367187510     
 Time to advance per timestep:   7.055699825286865E-003  seconds
 
 
 At istep =        3600 dt =  5.000000000000000E-002 time =
   180.000000000007     
        3600   180.000000000007       n_avg=   1166.86542968749     
   424.201367187490        36.2811523437510     
 Time to advance per timestep:   6.988265514373779E-003  seconds
 
 
 At istep =        3800 dt =  5.000000000000000E-002 time =
   190.000000000009     
        3800   190.000000000009       n_avg=   1211.27998046874     
   405.392578124990        33.2601562500010     
 Time to advance per timestep:   6.895995140075684E-003  seconds
 
 
 At istep =        4000 dt =  5.000000000000000E-002 time =
   200.000000000011     
        4000   200.000000000011       n_avg=   1258.00683593749     
   388.550390624990        30.4582031250010     
 Time to advance per timestep:   6.773505210876465E-003  seconds
 
 
 At istep =        4200 dt =  5.000000000000000E-002 time =
   210.000000000014     
        4200   210.000000000014       n_avg=   1306.78164062499     
   372.970605468739        28.1374023437511     
 Time to advance per timestep:   6.620055437088013E-003  seconds
 
 
 At istep =        4400 dt =  5.000000000000000E-002 time =
   220.000000000016     
        4400   220.000000000016       n_avg=   1356.85527343750     
   359.480175781239        26.1020507812511     
 Time to advance per timestep:   6.487824916839600E-003  seconds
 
 
 At istep =        4600 dt =  5.000000000000000E-002 time =
   230.000000000018     
        4600   230.000000000018       n_avg=   1407.62314453125     
   347.619042968739        24.4031250000011     
 Time to advance per timestep:   6.392664909362793E-003  seconds
 
 
 At istep =        4800 dt =  5.000000000000000E-002 time =
   240.000000000020     
        4800   240.000000000020       n_avg=   1458.98320312500     
   337.226660156239        22.9148437500011     
 Time to advance per timestep:   6.328344345092773E-003  seconds
 
 
 At istep =        5000 dt =  5.000000000000000E-002 time =
   250.000000000023     
        5000   250.000000000023       n_avg=   1510.04189453125     
   328.321191406238        21.6779296875011     
 Time to advance per timestep:   6.287800073623657E-003  seconds
 
 
 At istep =        5200 dt =  5.000000000000000E-002 time =
   260.000000000025     
        5200   260.000000000025       n_avg=   1560.45400390625     
   320.868554687488        20.7099609375011     
 Time to advance per timestep:   6.253060102462769E-003  seconds
 
srun: got SIGCONT
slurmstepd: *** JOB 2472556 ON nid00121 CANCELLED AT 2016-06-06T17:53:30 ***
slurmstepd: *** STEP 2472556.0 ON nid00121 CANCELLED AT 2016-06-06T17:53:30 ***
srun: Job step aborted: Waiting up to 32 seconds for job step to finish.
srun: forcing job termination
